// Jest Snapshot v1, https://goo.gl/fbAQLP

exports[`Value Stream Analytics utils parseAverageDurationsQueryResponse formats and fills the data to be used in the stage charts 1`] = `
[
  {
    "data": [
      [
        "2019-01-01",
        0,
      ],
      [
        "2019-01-02",
        1032202,
      ],
      [
        "2019-01-03",
        1295998,
      ],
      [
        "2019-01-04",
        552478,
      ],
      [
        "2019-01-05",
        0,
      ],
      [
        "2019-01-06",
        0,
      ],
      [
        "2019-01-07",
        null,
      ],
      [
        "2019-01-08",
        0,
      ],
      [
        "2019-01-09",
        0,
      ],
      [
        "2019-01-10",
        null,
      ],
    ],
    "id": 1,
    "name": "issue",
  },
  {
    "data": [
      [
        "2019-01-01",
        54760,
      ],
      [
        "2019-01-02",
        340918,
      ],
      [
        "2019-01-03",
        0,
      ],
      [
        "2019-01-04",
        0,
      ],
      [
        "2019-01-05",
        0,
      ],
      [
        "2019-01-06",
        237218,
      ],
      [
        "2019-01-07",
        null,
      ],
      [
        "2019-01-08",
        0,
      ],
      [
        "2019-01-09",
        0,
      ],
      [
        "2019-01-10",
        null,
      ],
    ],
    "id": 2,
    "name": "plan",
  },
  {
    "data": [
      [
        "2019-01-01",
        0,
      ],
      [
        "2019-01-02",
        340918,
      ],
      [
        "2019-01-03",
        0,
      ],
      [
        "2019-01-04",
        0,
      ],
      [
        "2019-01-05",
        54760,
      ],
      [
        "2019-01-06",
        0,
      ],
      [
        "2019-01-07",
        null,
      ],
      [
        "2019-01-08",
        16416,
      ],
      [
        "2019-01-09",
        237218,
      ],
      [
        "2019-01-10",
        null,
      ],
    ],
    "id": 3,
    "name": "review",
  },
]
`;

exports[`Value Stream Analytics utils transformRawStages retains all the stage properties 1`] = `
[
  {
    "custom": true,
    "description": "Time before an issue gets scheduled",
    "endEventIdentifier": "issue_first_added_to_board",
    "hidden": false,
    "id": 18,
    "legend": "Cool legend",
    "name": "Coolest beans stage",
    "startEventIdentifier": "issue_first_mentioned_in_commit",
    "title": "Coolest beans stage",
  },
]
`;
