// Jest Snapshot v1, https://goo.gl/fbAQLP

exports[`DuoProTrialStatusWidget component rendered content matches the snapshot for namespace in active trial 1`] = `
<div
  class="!gl-items-start js-expired-duo-pro-trial-widget"
  data-dismiss-endpoint="some/dismiss/endpoint"
  data-feature-id="expired_duo_pro_trial_widget"
  data-group-id="1"
  data-testid="duo-pro-trial-widget-root-element"
  id="reference-0"
>
  <div
    class="gl-flex gl-flex-col gl-items-stretch gl-w-full"
    data-testid="duo-pro-trial-widget-menu"
  >
    <div>
      <div
        class="gl-flex gl-w-full"
      >
        <span
          class="gl-mr-3 nav-icon-container svg-container"
        >
          <img
            class="svg"
            src="file-mock"
            width="16"
          />
        </span>
        <span
          class="gl-grow nav-item-name"
        >
          GitLab Duo Pro Trial
        </span>
        <span
          class="gl-mr-auto gl-overflow-hidden gl-text-sm gl-whitespace-nowrap"
        >
          Day 10/60
        </span>
      </div>
      <div
        class="gl-flex gl-items-stretch gl-mt-2"
      >
        <gl-progress-bar-stub
          aria-hidden="true"
          class="gl-grow"
          value="10"
        />
      </div>
    </div>
  </div>
</div>
`;
